src/database/repositories/memoRepository.ts(31,34): error TS2322: Type '{ id: string; type: string; content: string; }[]' is not assignable to type 'ContentBlock[]'.
  Type '{ id: string; type: string; content: string; }' is not assignable to type 'ContentBlock'.
    Types of property 'type' are incompatible.
      Type 'string' is not assignable to type '"text" | "image"'.
